// Jest Snapshot v1, https://jestjs.io/docs/snapshot-testing

exports[`Pruebas en <GifItem /> debe de hacer match con el snapshot 1`] = `
<div>
  <div
    class="card"
  >
    <img
      alt="GifItem"
      src="https://firebasestorage.googleapis.com/v0/b/portafolio-develop.appspot.com/o/pictures%2Fcharp.jpg?alt=media&token=1791869b-9e0c-4967-9345-e9662e0c1a3f"
      width="100"
    />
    <p>
      GifItem
    </p>
  </div>
</div>
`;
